INFO: [VRFC 10-2263] Analyzing Verilog file "C:/Xilinx/Caravel_NPU_FPGA_2025/CARAVEL/CARAVEL.gen/sources_1/ip/floating_point_div/sim/floating_point_div.v" into library xil_defaultlib
INFO: [VRFC 10-311] analyzing module floating_point_div
INFO: [VRFC 10-2263] Analyzing Verilog file "C:/Xilinx/Caravel_NPU_FPGA_2025/CARAVEL/CARAVEL.srcs/sources_1/imports/imports/LUT_Module/FloatingAddition.v" into library xil_defaultlib
INFO: [VRFC 10-311] analyzing module FloatingAddition
INFO: [VRFC 10-2263] Analyzing Verilog file "C:/Xilinx/Caravel_NPU_FPGA_2025/CARAVEL/CARAVEL.srcs/sources_1/imports/imports/LUT_Module/FloatingMultiplication.v" into library xil_defaultlib
INFO: [VRFC 10-311] analyzing module FloatingMultiplication
INFO: [VRFC 10-2263] Analyzing Verilog file "C:/Xilinx/Caravel_NPU_FPGA_2025/CARAVEL/CARAVEL.srcs/sources_1/imports/imports/LUT_Module/LUT_MAC_Module.v" into library xil_defaultlib
INFO: [VRFC 10-311] analyzing module LUT_MAC_Module
INFO: [VRFC 10-2263] Analyzing Verilog file "C:/Xilinx/Caravel_NPU_FPGA_2025/CARAVEL/CARAVEL.srcs/sources_1/imports/imports/LUT_Module/Priority_Encoder.v" into library xil_defaultlib
INFO: [VRFC 10-311] analyzing module Priority_Encoder
INFO: [VRFC 10-2263] Analyzing Verilog file "C:/Xilinx/Caravel_NPU_FPGA_2025/CARAVEL/CARAVEL.srcs/sources_1/new/SM_divideTau.v" into library xil_defaultlib
INFO: [VRFC 10-311] analyzing module SM_divideTau
INFO: [VRFC 10-2263] Analyzing Verilog file "C:/Xilinx/Caravel_NPU_FPGA_2025/CARAVEL/CARAVEL.srcs/sources_1/new/SM_g_accumulator.v" into library xil_defaultlib
INFO: [VRFC 10-311] analyzing module SM_g_accumulator
INFO: [VRFC 10-2263] Analyzing Verilog file "C:/Xilinx/Caravel_NPU_FPGA_2025/CARAVEL/CARAVEL.srcs/sources_1/new/SM_h_accumulator.v" into library xil_defaultlib
INFO: [VRFC 10-311] analyzing module SM_h_accumulator
INFO: [VRFC 10-2263] Analyzing Verilog file "C:/Xilinx/Caravel_NPU_FPGA_2025/CARAVEL/CARAVEL.srcs/sim_1/new/tb_SM_h_g_accumulators.v" into library xil_defaultlib
INFO: [VRFC 10-311] analyzing module tb_SM_h_g_accumulators
INFO: [VRFC 10-2263] Analyzing Verilog file "C:/Xilinx/Caravel_NPU_FPGA_2025/CARAVEL/CARAVEL.sim/sim_1/behav/xsim/glbl.v" into library xil_defaultlib
INFO: [VRFC 10-311] analyzing module glbl
