Vivado Simulator v2023.2
Copyright 1986-2022 Xilinx, Inc. All Rights Reserved.
Copyright 2022-2023 Advanced Micro Devices, Inc. All Rights Reserved.
Running: D:/Vivato-Vitis/Vivado/2023.2/bin/unwrapped/win64.o/xelab.exe --incr --debug typical --relax --mt 2 -L xil_defaultlib -L unisims_ver -L unimacro_ver -L secureip -L xpm --snapshot LUTBugSimulation_tb_behav xil_defaultlib.LUTBugSimulation_tb xil_defaultlib.glbl -log elaborate.log 
Using 2 slave threads.
Starting static elaboration
Pass Through NonSizing Optimizer
Completed static elaboration
Starting simulation data flow analysis
Completed simulation data flow analysis
Time Resolution for simulation is 1ps
Compiling module xil_defaultlib.Parallel_Memory_Unit
Compiling module xil_defaultlib.FloatingCompare
Compiling module xil_defaultlib.Indexing_Unit
Compiling module xil_defaultlib.Memory_Unit
Compiling module xil_defaultlib.FloatingMultiplication
Compiling module xil_defaultlib.Priority_Encoder
Compiling module xil_defaultlib.FloatingAddition
Compiling module xil_defaultlib.LUT_MAC_Module
Compiling module xil_defaultlib.WB3_Interface
Compiling module xil_defaultlib.WB4_Interface
Compiling module xil_defaultlib.LUT_Arbiter
Compiling module xil_defaultlib.LUT_Module
Compiling module xil_defaultlib.LUTBugSimulation_tb
Compiling module xil_defaultlib.glbl
Built simulation snapshot LUTBugSimulation_tb_behav
