
*** Running vivado
    with args -log floating_point_0.vds -m64 -product Vivado -mode batch -messageDb vivado.pb -notrace -source floating_point_0.tcl


ECHO is off.
ECHO is off.

****** Vivado v2023.2 (64-bit)
  **** SW Build 4029153 on Fri Oct 13 20:14:34 MDT 2023
  **** IP Build 4028589 on Sat Oct 14 00:45:43 MDT 2023
  **** SharedData Build 4025554 on Tue Oct 10 17:18:54 MDT 2023
    ** Copyright 1986-2022 Xilinx, Inc. All Rights Reserved.
    ** Copyright 2022-2023 Advanced Micro Devices, Inc. All Rights Reserved.

source floating_point_0.tcl -notrace
create_project: Time (s): cpu = 00:00:09 ; elapsed = 00:00:16 . Memory (MB): peak = 469.980 ; gain = 188.133
INFO: [IP_Flow 19-6924] IPCACHE: Running cache check for IP inst: floating_point_0
Command: synth_design -top floating_point_0 -part xc7a100tcsg324-1 -incremental_mode off -mode out_of_context
Starting synth_design
WARNING: [Vivado_Tcl 4-393] The 'Synthesis' target of the following IPs are stale, please generate the output products using the generate_target or synth_ip command before running synth_design.
C:/Xilinx/Caravel_NPU_FPGA_2025/CARAVEL/CARAVEL.srcs/sources_1/ip/floating_point_0/floating_point_0.xci

Attempting to get a license for feature 'Synthesis' and/or device 'xc7a100t'
INFO: [Common 17-349] Got license for feature 'Synthesis' and/or device 'xc7a100t'
ERROR: [Runs 36-287] File does not exist or is not accessible:'c:/Xilinx/Caravel_NPU_FPGA_2025/CARAVEL/CARAVEL.gen/sources_1/ip/floating_point_0/hdl/xbip_utils_v3_0_vh_rfs.vhd'
ERROR: [Runs 36-287] File does not exist or is not accessible:'c:/Xilinx/Caravel_NPU_FPGA_2025/CARAVEL/CARAVEL.gen/sources_1/ip/floating_point_0/hdl/axi_utils_v2_0_vh_rfs.vhd'
ERROR: [Runs 36-287] File does not exist or is not accessible:'c:/Xilinx/Caravel_NPU_FPGA_2025/CARAVEL/CARAVEL.gen/sources_1/ip/floating_point_0/hdl/xbip_pipe_v3_0_vh_rfs.vhd'
ERROR: [Runs 36-287] File does not exist or is not accessible:'c:/Xilinx/Caravel_NPU_FPGA_2025/CARAVEL/CARAVEL.gen/sources_1/ip/floating_point_0/hdl/xbip_dsp48_wrapper_v3_0_vh_rfs.vhd'
ERROR: [Runs 36-287] File does not exist or is not accessible:'c:/Xilinx/Caravel_NPU_FPGA_2025/CARAVEL/CARAVEL.gen/sources_1/ip/floating_point_0/hdl/xbip_dsp48_addsub_v3_0_vh_rfs.vhd'
ERROR: [Runs 36-287] File does not exist or is not accessible:'c:/Xilinx/Caravel_NPU_FPGA_2025/CARAVEL/CARAVEL.gen/sources_1/ip/floating_point_0/hdl/xbip_dsp48_multadd_v3_0_vh_rfs.vhd'
ERROR: [Runs 36-287] File does not exist or is not accessible:'c:/Xilinx/Caravel_NPU_FPGA_2025/CARAVEL/CARAVEL.gen/sources_1/ip/floating_point_0/hdl/xbip_bram18k_v3_0_vh_rfs.vhd'
ERROR: [Runs 36-287] File does not exist or is not accessible:'c:/Xilinx/Caravel_NPU_FPGA_2025/CARAVEL/CARAVEL.gen/sources_1/ip/floating_point_0/hdl/mult_gen_v12_0_vh_rfs.vhd'
ERROR: [Runs 36-287] File does not exist or is not accessible:'c:/Xilinx/Caravel_NPU_FPGA_2025/CARAVEL/CARAVEL.gen/sources_1/ip/floating_point_0/hdl/floating_point_v7_1_rfs.vhd'
ERROR: [Runs 36-287] File does not exist or is not accessible:'c:/Xilinx/Caravel_NPU_FPGA_2025/CARAVEL/CARAVEL.gen/sources_1/ip/floating_point_0/hdl/floating_point_v7_1_rfs.v'
ERROR: [Runs 36-287] File does not exist or is not accessible:'c:/Xilinx/Caravel_NPU_FPGA_2025/CARAVEL/CARAVEL.gen/sources_1/ip/floating_point_0/synth/floating_point_0.v'
INFO: [Designutils 20-5008] Incremental synthesis strategy off
INFO: [Synth 8-7079] Multithreading enabled for synth_design using a maximum of 2 processes.
INFO: [Synth 8-7078] Launching helper process for spawning children vivado processes
INFO: [Synth 8-7075] Helper process launched with PID 9836
ERROR: [Synth 8-10555] cannot open Verilog file 'c:/Xilinx/Caravel_NPU_FPGA_2025/CARAVEL/CARAVEL.gen/sources_1/ip/floating_point_0/hdl/floating_point_v7_1_rfs.v'
TypeError in method 'delete_UTask', argument 1 of type 'UTask *'
INFO: [Common 17-83] Releasing license: Synthesis
7 Infos, 1 Warnings, 0 Critical Warnings and 13 Errors encountered.
synth_design failed
ERROR: [Common 17-69] Command failed: Vivado Synthesis failed
INFO: [Common 17-206] Exiting Vivado at Sun Jan 25 19:06:11 2026...
